// Jest Snapshot v1, https://goo.gl/fbAQLP

exports[`Whene student list is render Whene list data is render html. 1`] = `
<table
  className="table"
>
  <thead>
    <tr>
      <th>
        Sl.No
      </th>
      <th>
        First Name
      </th>
      <th>
        Last Name
      </th>
      <th>
        Email
      </th>
      <th>
        Contact
      </th>
      <th>
        10%
      </th>
      <th>
        12%
      </th>
      <th>
        Course
      </th>
      <th>
        Status
      </th>
    </tr>
  </thead>
  <tbody />
</table>
`;
