// Jest Snapshot v1, https://goo.gl/fbAQLP

exports[`When loader page is render When Loader is render 1`] = `
<p>
  Loading.....
</p>
`;
